// Jest Snapshot v1, https://goo.gl/fbAQLP

exports[`should render corrrectly 1`] = `
<View
  style={
    Array [
      Object {
        "alignItems": "center",
        "flex": 1,
        "justifyContent": "flex-end",
        "paddingTop": 15,
      },
      Object {
        "backgroundColor": "#fff",
      },
    ]
  }
>
  <Text
    accessible={true}
    allowFontScaling={true}
    ellipsizeMode="tail"
    style={
      Object {
        "color": "#4b4b4b",
        "fontSize": 30,
      }
    }
  >
      
    idle
      
  </Text>
  <View
    style={
      Array [
        Object {
          "alignItems": "center",
          "justifyContent": "center",
        },
        Object {
          "backgroundColor": "#4b4b4b",
          "borderRadius": 150,
          "height": 300,
          "width": 300,
        },
      ]
    }
  >
    <View
      style={
        Array [
          Object {
            "left": 0,
            "position": "absolute",
            "top": 0,
          },
          Object {
            "height": 300,
            "width": 150,
          },
        ]
      }
    >
      <View
        style={
          Array [
            Object {
              "borderBottomRightRadius": 0,
              "borderTopRightRadius": 0,
              "left": 0,
              "position": "absolute",
              "top": 0,
            },
            Object {
              "backgroundColor": "#ffffff",
              "borderRadius": 150,
              "height": 300,
              "transform": Array [
                Object {
                  "translateX": 75,
                },
                Object {
                  "rotate": "0deg",
                },
                Object {
                  "translateX": -75,
                },
              ],
              "width": 150,
            },
          ]
        }
      />
    </View>
    <View
      style={
        Array [
          Object {
            "left": 0,
            "position": "absolute",
            "top": 0,
          },
          Object {
            "height": 300,
            "width": 150,
          },
        ]
      }
    >
      <View
        style={
          Array [
            Object {
              "borderBottomRightRadius": 0,
              "borderTopRightRadius": 0,
              "left": 0,
              "position": "absolute",
              "top": 0,
            },
            Object {
              "backgroundColor": "#4b4b4b",
              "borderRadius": 150,
              "height": 300,
              "transform": Array [
                Object {
                  "translateX": 75,
                },
                Object {
                  "rotate": "0deg",
                },
                Object {
                  "translateX": -75,
                },
              ],
              "width": 150,
            },
          ]
        }
      />
    </View>
    <View
      style={
        Array [
          Object {
            "alignItems": "center",
            "justifyContent": "center",
            "overflow": "hidden",
          },
          Object {
            "backgroundColor": "#fff",
            "borderRadius": 145,
            "height": 290,
            "width": 290,
          },
        ]
      }
    >
      <Text
        accessible={true}
        allowFontScaling={true}
        ellipsizeMode="tail"
        style={
          Object {
            "color": "#4b4b4b",
            "fontSize": 30,
          }
        }
      >
         25 : 00 
      </Text>
    </View>
  </View>
  <Text
    accessible={true}
    allowFontScaling={true}
    ellipsizeMode="tail"
  >
    

  </Text>
  <View
    accessibilityComponentType="button"
    accessibilityTraits={
      Array [
        "button",
      ]
    }
    accessible={true}
    isTVSelectable={true}
    onResponderGrant={[Function]}
    onResponderMove={[Function]}
    onResponderRelease={[Function]}
    onResponderTerminate={[Function]}
    onResponderTerminationRequest={[Function]}
    onStartShouldSetResponder={[Function]}
    style={
      Object {
        "opacity": 1,
      }
    }
  >
    <View
      style={
        Array [
          Object {},
        ]
      }
    >
      <Text
        accessible={true}
        allowFontScaling={true}
        ellipsizeMode="tail"
        style={
          Array [
            Object {
              "color": "#007AFF",
              "fontSize": 18,
              "padding": 8,
              "textAlign": "center",
            },
          ]
        }
      >
        start
      </Text>
    </View>
  </View>
  <Text
    accessible={true}
    allowFontScaling={true}
    ellipsizeMode="tail"
    style={
      Object {
        "color": "#4b4b4b",
      }
    }
  >
    


     Finished Pomodoros : 
    
     
  </Text>
</View>
`;
